2026-02-18 09:00:04 INFO user=123 action=change_password
2026-02-18 09:00:24 INFO user=180 action=view_profile
2026-02-18 09:00:31 INFO user=192 action=change_password
2026-02-18 09:00:36 ERROR code=404 msg="Not Found"
2026-02-18 09:00:44 INFO user=140 action=download_report
2026-02-18 09:01:01 INFO user=20 action=logout
2026-02-18 09:01:09 INFO user=127 action=delete_file
2026-02-18 09:01:23 INFO user=41 action=view_profile
2026-02-18 09:01:38 WARNING user=144 msg="Network latency detected"
2026-02-18 09:01:52 WARNING user=144 msg="Slow response"
2026-02-18 09:01:53 INFO user=169 action=upload_file
2026-02-18 09:02:12 WARNING user=128 msg="Slow response"
2026-02-18 09:02:32 WARNING user=186 msg="Disk almost full"
2026-02-18 09:02:35 INFO user=177 action=view_dashboard
2026-02-18 09:02:45 INFO user=172 action=change_password
2026-02-18 09:02:49 INFO user=54 action=update_settings
2026-02-18 09:02:50 WARNING user=59 msg="Disk almost full"
2026-02-18 09:02:51 INFO user=103 action=login
2026-02-18 09:02:55 WARNING user=107 msg="Slow response"
2026-02-18 09:03:09 INFO user=58 action=logout
2026-02-18 09:03:25 WARNING user=148 msg="Slow response"
2026-02-18 09:03:40 INFO user=199 action=login
2026-02-18 09:03:42 WARNING user=21 msg="Slow response"
2026-02-18 09:03:48 INFO user=89 action=change_password
2026-02-18 09:03:50 INFO user=94 action=update_settings
2026-02-18 09:03:53 ERROR code=504 msg="Database timeout"
2026-02-18 09:04:06 INFO user=196 action=update_settings
2026-02-18 09:04:18 WARNING user=38 msg="High memory usage"
2026-02-18 09:04:38 WARNING user=69 msg="Network latency detected"
2026-02-18 09:04:41 WARNING user=11 msg="Too many requests"
2026-02-18 09:04:55 INFO user=111 action=delete_file
2026-02-18 09:04:59 ERROR code=502 msg="Bad gateway"
2026-02-18 09:05:00 WARNING user=36 msg="High memory usage"
2026-02-18 09:05:20 INFO user=91 action=logout
2026-02-18 09:05:30 WARNING user=7 msg="Too many requests"
2026-02-18 09:05:46 INFO user=43 action=upload_file
2026-02-18 09:05:50 INFO user=110 action=download_report
2026-02-18 09:06:03 INFO user=94 action=view_dashboard
2026-02-18 09:06:14 INFO user=10 action=upload_file
2026-02-18 09:06:21 WARNING user=157 msg="Slow response"
2026-02-18 09:06:33 INFO user=60 action=login
2026-02-18 09:06:50 INFO user=44 action=view_dashboard
2026-02-18 09:07:00 INFO user=41 action=view_profile
2026-02-18 09:07:20 INFO user=58 action=view_dashboard
2026-02-18 09:07:23 WARNING user=147 msg="Slow response"
2026-02-18 09:07:42 INFO user=50 action=upload_file
2026-02-18 09:07:51 INFO user=42 action=login
2026-02-18 09:08:08 INFO user=172 action=update_settings
2026-02-18 09:08:18 WARNING user=84 msg="High memory usage"
2026-02-18 09:08:23 INFO user=14 action=download_report
2026-02-18 09:08:26 ERROR code=403 msg="Forbidden"
2026-02-18 09:08:45 INFO user=78 action=upload_file
2026-02-18 09:08:54 INFO user=11 action=download_report
2026-02-18 09:09:14 WARNING user=184 msg="Disk almost full"
2026-02-18 09:09:30 INFO user=166 action=upload_file
2026-02-18 09:09:43 WARNING user=76 msg="Slow response"
2026-02-18 09:09:57 INFO user=40 action=logout
2026-02-18 09:10:00 INFO user=59 action=logout
2026-02-18 09:10:01 INFO user=188 action=logout
2026-02-18 09:10:08 INFO user=72 action=view_dashboard
2026-02-18 09:10:14 WARNING user=98 msg="CPU usage high"
2026-02-18 09:10:26 INFO user=83 action=upload_file
2026-02-18 09:10:46 INFO user=165 action=logout
2026-02-18 09:10:48 INFO user=111 action=delete_file
2026-02-18 09:10:51 INFO user=181 action=upload_file
2026-02-18 09:11:05 INFO user=156 action=view_profile
2026-02-18 09:11:17 INFO user=163 action=view_profile
2026-02-18 09:11:37 INFO user=56 action=change_password
2026-02-18 09:11:45 INFO user=158 action=view_profile
2026-02-18 09:11:47 INFO user=93 action=view_profile
2026-02-18 09:11:58 INFO user=67 action=logout
2026-02-18 09:12:09 ERROR code=503 msg="Service unavailable"
2026-02-18 09:12:29 INFO user=7 action=download_report
2026-02-18 09:12:33 INFO user=71 action=view_profile
2026-02-18 09:12:49 ERROR code=502 msg="Bad gateway"
2026-02-18 09:13:09 INFO user=147 action=update_settings
2026-02-18 09:13:26 WARNING user=157 msg="Too many requests"
2026-02-18 09:13:35 WARNING user=186 msg="Network latency detected"
2026-02-18 09:13:44 INFO user=132 action=upload_file
2026-02-18 09:14:04 INFO user=89 action=view_dashboard
2026-02-18 09:14:21 WARNING user=171 msg="High memory usage"
2026-02-18 09:14:41 INFO user=61 action=change_password
2026-02-18 09:14:49 INFO user=71 action=download_report
2026-02-18 09:14:58 INFO user=152 action=download_report
2026-02-18 09:15:03 WARNING user=5 msg="Slow response"
2026-02-18 09:15:04 WARNING user=33 msg="Slow response"
2026-02-18 09:15:22 INFO user=5 action=upload_file
2026-02-18 09:15:40 INFO user=120 action=view_dashboard
2026-02-18 09:16:00 INFO user=114 action=delete_file
2026-02-18 09:16:19 INFO user=69 action=update_settings
2026-02-18 09:16:28 INFO user=168 action=download_report
2026-02-18 09:16:31 INFO user=145 action=download_report
2026-02-18 09:16:44 ERROR code=401 msg="Unauthorized"
2026-02-18 09:16:55 INFO user=154 action=change_password
2026-02-18 09:16:58 INFO user=48 action=upload_file
2026-02-18 09:17:03 INFO user=191 action=update_settings
2026-02-18 09:17:04 INFO user=196 action=login
2026-02-18 09:17:24 INFO user=35 action=login
2026-02-18 09:17:44 INFO user=137 action=download_report
2026-02-18 09:17:47 WARNING user=200 msg="Slow response"
2026-02-18 09:17:56 INFO user=160 action=view_dashboard
2026-02-18 09:18:08 INFO user=27 action=upload_file
2026-02-18 09:18:14 WARNING user=170 msg="Slow response"
2026-02-18 09:18:32 WARNING user=32 msg="Slow response"
2026-02-18 09:18:34 INFO user=36 action=download_report
2026-02-18 09:18:52 ERROR code=404 msg="Not Found"
2026-02-18 09:18:57 INFO user=177 action=login
2026-02-18 09:19:03 INFO user=143 action=download_report
2026-02-18 09:19:08 WARNING user=153 msg="Slow response"
2026-02-18 09:19:28 INFO user=22 action=view_profile
2026-02-18 09:19:39 WARNING user=19 msg="Disk almost full"
2026-02-18 09:19:53 ERROR code=503 msg="Service unavailable"
2026-02-18 09:20:03 WARNING user=51 msg="Disk almost full"
2026-02-18 09:20:11 INFO user=121 action=download_report
2026-02-18 09:20:28 INFO user=125 action=download_report
2026-02-18 09:20:41 INFO user=145 action=logout
2026-02-18 09:20:50 INFO user=124 action=view_profile
2026-02-18 09:21:06 INFO user=85 action=login
2026-02-18 09:21:16 ERROR code=403 msg="Forbidden"
2026-02-18 09:21:23 INFO user=31 action=change_password
2026-02-18 09:21:35 INFO user=151 action=download_report
2026-02-18 09:21:49 WARNING user=184 msg="Disk almost full"
2026-02-18 09:22:02 INFO user=74 action=view_profile
2026-02-18 09:22:17 WARNING user=175 msg="Too many requests"
2026-02-18 09:22:18 INFO user=88 action=upload_file
2026-02-18 09:22:20 INFO user=68 action=view_profile
2026-02-18 09:22:32 INFO user=24 action=update_settings
2026-02-18 09:22:37 INFO user=61 action=change_password
2026-02-18 09:22:38 WARNING user=13 msg="High memory usage"
2026-02-18 09:22:48 INFO user=13 action=upload_file
2026-02-18 09:22:53 INFO user=100 action=delete_file
2026-02-18 09:23:11 INFO user=105 action=logout
2026-02-18 09:23:19 INFO user=69 action=change_password
2026-02-18 09:23:22 INFO user=109 action=login
2026-02-18 09:23:38 WARNING user=58 msg="Slow response"
2026-02-18 09:23:48 ERROR code=504 msg="Database timeout"
2026-02-18 09:24:01 WARNING user=5 msg="CPU usage high"
2026-02-18 09:24:18 INFO user=93 action=logout
2026-02-18 09:24:27 WARNING user=121 msg="High memory usage"
2026-02-18 09:24:36 INFO user=28 action=download_report
2026-02-18 09:24:42 INFO user=11 action=update_settings
2026-02-18 09:24:44 WARNING user=131 msg="Too many requests"
2026-02-18 09:24:49 WARNING user=151 msg="Disk almost full"
2026-02-18 09:25:00 INFO user=105 action=login
2026-02-18 09:25:14 ERROR code=404 msg="Not Found"
2026-02-18 09:25:30 INFO user=184 action=update_settings
2026-02-18 09:25:50 ERROR code=401 msg="Unauthorized"
2026-02-18 09:25:54 INFO user=72 action=upload_file
2026-02-18 09:26:01 INFO user=2 action=logout
2026-02-18 09:26:08 INFO user=139 action=update_settings
2026-02-18 09:26:17 INFO user=151 action=view_dashboard
2026-02-18 09:26:37 INFO user=10 action=login
2026-02-18 09:26:54 INFO user=174 action=logout
2026-02-18 09:27:07 INFO user=150 action=delete_file
2026-02-18 09:27:14 ERROR code=503 msg="Service unavailable"
2026-02-18 09:27:31 INFO user=151 action=change_password
2026-02-18 09:27:39 INFO user=149 action=delete_file
2026-02-18 09:27:46 INFO user=77 action=login
2026-02-18 09:27:49 INFO user=61 action=upload_file
2026-02-18 09:27:53 ERROR code=404 msg="Not Found"
2026-02-18 09:28:12 WARNING user=142 msg="Network latency detected"
2026-02-18 09:28:23 WARNING user=116 msg="CPU usage high"
2026-02-18 09:28:29 ERROR code=503 msg="Service unavailable"
2026-02-18 09:28:31 INFO user=194 action=logout
2026-02-18 09:28:47 INFO user=62 action=logout
2026-02-18 09:28:52 WARNING user=81 msg="CPU usage high"
2026-02-18 09:29:08 INFO user=46 action=logout
2026-02-18 09:29:26 INFO user=120 action=update_settings
2026-02-18 09:29:41 ERROR code=401 msg="Unauthorized"
2026-02-18 09:29:59 WARNING user=20 msg="CPU usage high"
2026-02-18 09:30:06 INFO user=81 action=login
2026-02-18 09:30:12 INFO user=199 action=login
2026-02-18 09:30:19 INFO user=75 action=delete_file
2026-02-18 09:30:23 INFO user=53 action=change_password
2026-02-18 09:30:27 WARNING user=84 msg="High memory usage"
2026-02-18 09:30:37 INFO user=163 action=login
2026-02-18 09:30:43 INFO user=12 action=login
2026-02-18 09:30:44 INFO user=172 action=download_report
2026-02-18 09:30:48 ERROR code=404 msg="Not Found"
2026-02-18 09:30:55 INFO user=11 action=upload_file
2026-02-18 09:31:13 INFO user=4 action=delete_file
2026-02-18 09:31:20 INFO user=55 action=upload_file
2026-02-18 09:31:26 INFO user=20 action=delete_file
2026-02-18 09:31:39 WARNING user=88 msg="Too many requests"
2026-02-18 09:31:44 INFO user=63 action=change_password
2026-02-18 09:31:54 WARNING user=30 msg="Network latency detected"
2026-02-18 09:32:14 INFO user=52 action=update_settings
2026-02-18 09:32:15 WARNING user=119 msg="High memory usage"
2026-02-18 09:32:18 INFO user=67 action=view_dashboard
2026-02-18 09:32:22 WARNING user=52 msg="Network latency detected"
2026-02-18 09:32:36 INFO user=102 action=login
2026-02-18 09:32:55 INFO user=134 action=update_settings
2026-02-18 09:33:06 WARNING user=132 msg="Disk almost full"
2026-02-18 09:33:10 WARNING user=67 msg="Slow response"
2026-02-18 09:33:18 INFO user=82 action=login
2026-02-18 09:33:19 INFO user=197 action=download_report
2026-02-18 09:33:27 INFO user=153 action=update_settings
2026-02-18 09:33:34 INFO user=70 action=view_dashboard
2026-02-18 09:33:43 INFO user=27 action=view_profile
2026-02-18 09:33:50 INFO user=182 action=update_settings
2026-02-18 09:33:55 INFO user=96 action=upload_file
2026-02-18 09:34:06 INFO user=110 action=logout
2026-02-18 09:34:18 INFO user=3 action=login
2026-02-18 09:34:24 INFO user=32 action=view_profile
2026-02-18 09:34:34 INFO user=29 action=update_settings
2026-02-18 09:34:46 WARNING user=1 msg="Network latency detected"
2026-02-18 09:34:48 INFO user=29 action=login
2026-02-18 09:34:53 INFO user=189 action=login
2026-02-18 09:35:01 INFO user=150 action=view_profile
2026-02-18 09:35:20 WARNING user=12 msg="Disk almost full"
2026-02-18 09:35:33 INFO user=97 action=download_report
2026-02-18 09:35:52 WARNING user=92 msg="High memory usage"
2026-02-18 09:36:05 INFO user=122 action=update_settings
2026-02-18 09:36:13 WARNING user=168 msg="CPU usage high"
2026-02-18 09:36:23 INFO user=112 action=delete_file
2026-02-18 09:36:35 ERROR code=500 msg="Internal server error"
2026-02-18 09:36:51 INFO user=83 action=update_settings
2026-02-18 09:37:03 INFO user=141 action=upload_file
2026-02-18 09:37:15 ERROR code=500 msg="Internal server error"
2026-02-18 09:37:25 INFO user=75 action=update_settings
2026-02-18 09:37:27 INFO user=68 action=logout
2026-02-18 09:37:45 INFO user=89 action=change_password
2026-02-18 09:37:57 INFO user=187 action=change_password
2026-02-18 09:38:00 INFO user=183 action=view_dashboard
2026-02-18 09:38:14 WARNING user=87 msg="High memory usage"
2026-02-18 09:38:33 INFO user=33 action=update_settings
2026-02-18 09:38:38 INFO user=109 action=logout
2026-02-18 09:38:47 INFO user=66 action=login
2026-02-18 09:38:55 INFO user=169 action=view_profile
2026-02-18 09:39:14 INFO user=4 action=view_profile
2026-02-18 09:39:23 INFO user=31 action=logout
2026-02-18 09:39:43 WARNING user=104 msg="Disk almost full"
2026-02-18 09:39:45 INFO user=161 action=change_password
2026-02-18 09:39:53 WARNING user=185 msg="Slow response"
2026-02-18 09:39:57 INFO user=191 action=logout
2026-02-18 09:40:09 INFO user=161 action=view_profile
2026-02-18 09:40:13 WARNING user=190 msg="CPU usage high"
2026-02-18 09:40:26 INFO user=81 action=download_report
2026-02-18 09:40:38 INFO user=33 action=logout
2026-02-18 09:40:57 WARNING user=44 msg="Slow response"
2026-02-18 09:40:58 INFO user=73 action=download_report
2026-02-18 09:41:13 INFO user=154 action=delete_file
2026-02-18 09:41:22 INFO user=31 action=delete_file
2026-02-18 09:41:32 INFO user=106 action=upload_file
2026-02-18 09:41:43 INFO user=149 action=view_dashboard
2026-02-18 09:41:54 INFO user=176 action=change_password
2026-02-18 09:42:01 INFO user=55 action=upload_file
2026-02-18 09:42:12 INFO user=101 action=upload_file
2026-02-18 09:42:26 INFO user=120 action=delete_file
2026-02-18 09:42:41 WARNING user=100 msg="Network latency detected"
2026-02-18 09:42:54 INFO user=177 action=view_dashboard
2026-02-18 09:43:03 INFO user=98 action=view_profile
2026-02-18 09:43:17 ERROR code=401 msg="Unauthorized"
2026-02-18 09:43:33 WARNING user=8 msg="CPU usage high"
2026-02-18 09:43:34 INFO user=166 action=login
2026-02-18 09:43:37 INFO user=99 action=update_settings
2026-02-18 09:43:53 INFO user=101 action=login
2026-02-18 09:44:02 WARNING user=140 msg="Too many requests"
2026-02-18 09:44:10 INFO user=24 action=change_password
2026-02-18 09:44:17 INFO user=93 action=delete_file
2026-02-18 09:44:27 INFO user=69 action=update_settings
2026-02-18 09:44:32 INFO user=43 action=view_dashboard
2026-02-18 09:44:51 WARNING user=166 msg="Too many requests"
2026-02-18 09:45:11 INFO user=189 action=update_settings
2026-02-18 09:45:29 ERROR code=502 msg="Bad gateway"
2026-02-18 09:45:46 INFO user=98 action=change_password
2026-02-18 09:46:03 INFO user=11 action=view_dashboard
2026-02-18 09:46:09 INFO user=153 action=view_dashboard
2026-02-18 09:46:12 INFO user=101 action=login
2026-02-18 09:46:27 WARNING user=173 msg="High memory usage"
2026-02-18 09:46:33 WARNING user=85 msg="Slow response"
2026-02-18 09:46:34 INFO user=97 action=logout
2026-02-18 09:46:47 ERROR code=502 msg="Bad gateway"
2026-02-18 09:46:56 WARNING user=171 msg="CPU usage high"
2026-02-18 09:47:12 INFO user=60 action=delete_file
2026-02-18 09:47:31 INFO user=103 action=upload_file
2026-02-18 09:47:45 INFO user=142 action=view_dashboard
2026-02-18 09:47:51 WARNING user=96 msg="Network latency detected"
2026-02-18 09:48:00 INFO user=31 action=delete_file
2026-02-18 09:48:01 INFO user=97 action=delete_file
2026-02-18 09:48:02 ERROR code=503 msg="Service unavailable"
2026-02-18 09:48:17 INFO user=63 action=change_password
2026-02-18 09:48:36 INFO user=61 action=download_report
2026-02-18 09:48:45 INFO user=46 action=update_settings
2026-02-18 09:48:46 INFO user=44 action=upload_file
2026-02-18 09:48:48 INFO user=83 action=view_dashboard
2026-02-18 09:48:53 INFO user=68 action=download_report
2026-02-18 09:49:01 INFO user=127 action=download_report
2026-02-18 09:49:03 ERROR code=502 msg="Bad gateway"
2026-02-18 09:49:12 INFO user=8 action=upload_file
2026-02-18 09:49:22 INFO user=16 action=upload_file
2026-02-18 09:49:35 INFO user=75 action=delete_file
2026-02-18 09:49:44 INFO user=75 action=upload_file
2026-02-18 09:49:47 INFO user=143 action=view_profile
2026-02-18 09:49:49 INFO user=98 action=view_profile
2026-02-18 09:49:53 INFO user=172 action=upload_file
2026-02-18 09:50:11 ERROR code=401 msg="Unauthorized"
2026-02-18 09:50:27 INFO user=119 action=update_settings
2026-02-18 09:50:31 ERROR code=503 msg="Service unavailable"
2026-02-18 09:50:43 WARNING user=66 msg="CPU usage high"
2026-02-18 09:51:02 ERROR code=401 msg="Unauthorized"
2026-02-18 09:51:11 INFO user=68 action=login
2026-02-18 09:51:29 INFO user=135 action=update_settings
2026-02-18 09:51:36 INFO user=89 action=login
2026-02-18 09:51:43 INFO user=183 action=delete_file
2026-02-18 09:51:52 INFO user=21 action=logout
2026-02-18 09:51:59 INFO user=169 action=update_settings
2026-02-18 09:52:01 INFO user=92 action=delete_file
2026-02-18 09:52:11 INFO user=34 action=update_settings
2026-02-18 09:52:14 INFO user=139 action=view_dashboard
2026-02-18 09:52:29 INFO user=102 action=view_dashboard
2026-02-18 09:52:37 WARNING user=164 msg="High memory usage"
2026-02-18 09:52:49 ERROR code=401 msg="Unauthorized"
2026-02-18 09:53:05 INFO user=148 action=change_password
2026-02-18 09:53:14 ERROR code=401 msg="Unauthorized"
2026-02-18 09:53:16 INFO user=52 action=change_password
2026-02-18 09:53:17 WARNING user=68 msg="Slow response"
2026-02-18 09:53:18 WARNING user=154 msg="CPU usage high"
2026-02-18 09:53:30 WARNING user=17 msg="Network latency detected"
2026-02-18 09:53:31 INFO user=80 action=view_dashboard
2026-02-18 09:53:40 INFO user=59 action=update_settings
2026-02-18 09:53:52 INFO user=32 action=update_settings
2026-02-18 09:53:57 ERROR code=504 msg="Database timeout"
2026-02-18 09:54:03 INFO user=180 action=upload_file
2026-02-18 09:54:20 INFO user=167 action=download_report
2026-02-18 09:54:21 INFO user=78 action=download_report
2026-02-18 09:54:30 ERROR code=502 msg="Bad gateway"
2026-02-18 09:54:44 ERROR code=401 msg="Unauthorized"
2026-02-18 09:54:51 INFO user=193 action=login
2026-02-18 09:55:08 WARNING user=129 msg="Slow response"
2026-02-18 09:55:17 INFO user=52 action=change_password
2026-02-18 09:55:36 INFO user=156 action=download_report
2026-02-18 09:55:44 INFO user=88 action=login
2026-02-18 09:55:51 WARNING user=128 msg="Network latency detected"
2026-02-18 09:55:56 INFO user=84 action=delete_file
2026-02-18 09:56:09 INFO user=178 action=delete_file
2026-02-18 09:56:13 INFO user=118 action=change_password
2026-02-18 09:56:33 INFO user=70 action=update_settings
2026-02-18 09:56:50 INFO user=188 action=login
2026-02-18 09:56:51 INFO user=181 action=download_report
2026-02-18 09:56:56 WARNING user=167 msg="Too many requests"
2026-02-18 09:57:06 INFO user=138 action=delete_file
2026-02-18 09:57:13 INFO user=168 action=update_settings
2026-02-18 09:57:23 INFO user=168 action=delete_file
2026-02-18 09:57:37 WARNING user=169 msg="CPU usage high"
2026-02-18 09:57:51 INFO user=153 action=delete_file
2026-02-18 09:57:57 INFO user=75 action=upload_file
2026-02-18 09:58:10 INFO user=22 action=login
2026-02-18 09:58:27 INFO user=23 action=upload_file
2026-02-18 09:58:33 INFO user=128 action=login
2026-02-18 09:58:47 ERROR code=500 msg="Internal server error"
2026-02-18 09:58:54 INFO user=85 action=change_password
2026-02-18 09:59:01 INFO user=72 action=view_dashboard
2026-02-18 09:59:14 INFO user=155 action=login
2026-02-18 09:59:29 ERROR code=504 msg="Database timeout"
2026-02-18 09:59:43 WARNING user=63 msg="Network latency detected"
2026-02-18 09:59:57 ERROR code=502 msg="Bad gateway"
2026-02-18 10:00:09 INFO user=132 action=update_settings
2026-02-18 10:00:21 ERROR code=500 msg="Internal server error"
2026-02-18 10:00:27 INFO user=89 action=delete_file
2026-02-18 10:00:28 INFO user=5 action=update_settings
2026-02-18 10:00:31 ERROR code=401 msg="Unauthorized"
2026-02-18 10:00:37 INFO user=178 action=view_profile
2026-02-18 10:00:49 ERROR code=401 msg="Unauthorized"
2026-02-18 10:01:04 WARNING user=153 msg="Network latency detected"
2026-02-18 10:01:23 INFO user=28 action=change_password
2026-02-18 10:01:33 ERROR code=504 msg="Database timeout"
2026-02-18 10:01:52 WARNING user=56 msg="CPU usage high"
2026-02-18 10:02:06 INFO user=194 action=view_dashboard
2026-02-18 10:02:13 INFO user=71 action=view_dashboard
2026-02-18 10:02:30 WARNING user=74 msg="Disk almost full"
2026-02-18 10:02:46 INFO user=118 action=change_password
2026-02-18 10:02:54 WARNING user=40 msg="Disk almost full"
2026-02-18 10:02:58 INFO user=58 action=download_report
2026-02-18 10:03:15 INFO user=24 action=update_settings
2026-02-18 10:03:16 INFO user=192 action=login
2026-02-18 10:03:31 INFO user=169 action=logout
2026-02-18 10:03:50 INFO user=39 action=change_password
2026-02-18 10:04:10 INFO user=130 action=view_dashboard
2026-02-18 10:04:21 INFO user=88 action=update_settings
2026-02-18 10:04:35 INFO user=31 action=download_report
2026-02-18 10:04:51 INFO user=10 action=change_password
2026-02-18 10:05:01 WARNING user=182 msg="CPU usage high"
2026-02-18 10:05:19 INFO user=153 action=login
2026-02-18 10:05:33 ERROR code=401 msg="Unauthorized"
2026-02-18 10:05:35 INFO user=174 action=delete_file
2026-02-18 10:05:47 INFO user=30 action=login
2026-02-18 10:06:07 INFO user=42 action=change_password
2026-02-18 10:06:18 INFO user=89 action=upload_file
2026-02-18 10:06:34 WARNING user=46 msg="Disk almost full"
2026-02-18 10:06:41 INFO user=9 action=change_password
2026-02-18 10:07:00 ERROR code=502 msg="Bad gateway"
2026-02-18 10:07:18 INFO user=4 action=login
2026-02-18 10:07:31 INFO user=125 action=change_password
2026-02-18 10:07:36 INFO user=47 action=view_profile
2026-02-18 10:07:52 INFO user=95 action=change_password
2026-02-18 10:08:07 INFO user=45 action=change_password
2026-02-18 10:08:17 WARNING user=37 msg="Disk almost full"
2026-02-18 10:08:31 INFO user=176 action=login
2026-02-18 10:08:33 INFO user=74 action=update_settings
2026-02-18 10:08:49 INFO user=113 action=change_password
2026-02-18 10:08:50 INFO user=57 action=delete_file
2026-02-18 10:09:09 INFO user=157 action=view_profile
2026-02-18 10:09:27 INFO user=82 action=change_password
2026-02-18 10:09:44 INFO user=36 action=view_profile
2026-02-18 10:09:54 ERROR code=401 msg="Unauthorized"
2026-02-18 10:10:12 INFO user=197 action=delete_file
2026-02-18 10:10:26 INFO user=38 action=download_report
2026-02-18 10:10:30 INFO user=27 action=logout
2026-02-18 10:10:38 WARNING user=16 msg="Disk almost full"
2026-02-18 10:10:41 INFO user=195 action=login
2026-02-18 10:10:50 WARNING user=159 msg="Network latency detected"
2026-02-18 10:11:05 INFO user=178 action=download_report
2026-02-18 10:11:14 INFO user=49 action=update_settings
2026-02-18 10:11:19 INFO user=115 action=change_password
2026-02-18 10:11:22 WARNING user=167 msg="High memory usage"
2026-02-18 10:11:30 INFO user=139 action=download_report
2026-02-18 10:11:36 WARNING user=22 msg="Network latency detected"
2026-02-18 10:11:44 INFO user=11 action=change_password
2026-02-18 10:12:03 INFO user=54 action=upload_file
2026-02-18 10:12:23 INFO user=188 action=view_dashboard
2026-02-18 10:12:34 INFO user=169 action=view_dashboard
2026-02-18 10:12:45 INFO user=163 action=view_profile
2026-02-18 10:12:56 INFO user=162 action=update_settings
2026-02-18 10:13:08 INFO user=54 action=logout
2026-02-18 10:13:19 WARNING user=24 msg="Network latency detected"
2026-02-18 10:13:26 INFO user=5 action=update_settings
2026-02-18 10:13:28 INFO user=190 action=change_password
2026-02-18 10:13:47 INFO user=115 action=login
2026-02-18 10:13:59 INFO user=113 action=upload_file
2026-02-18 10:14:00 INFO user=166 action=update_settings
2026-02-18 10:14:19 WARNING user=136 msg="Slow response"
2026-02-18 10:14:23 INFO user=197 action=view_profile
2026-02-18 10:14:42 INFO user=5 action=delete_file
2026-02-18 10:14:48 WARNING user=77 msg="Too many requests"
2026-02-18 10:15:03 INFO user=133 action=delete_file
2026-02-18 10:15:12 ERROR code=504 msg="Database timeout"
2026-02-18 10:15:18 INFO user=200 action=login
2026-02-18 10:15:25 WARNING user=152 msg="CPU usage high"
2026-02-18 10:15:35 WARNING user=14 msg="Disk almost full"
2026-02-18 10:15:42 INFO user=113 action=view_profile
2026-02-18 10:15:53 WARNING user=29 msg="Slow response"
2026-02-18 10:16:10 WARNING user=88 msg="Disk almost full"
2026-02-18 10:16:29 ERROR code=500 msg="Internal server error"
2026-02-18 10:16:43 INFO user=60 action=upload_file
2026-02-18 10:16:50 INFO user=120 action=view_dashboard
2026-02-18 10:17:01 WARNING user=110 msg="Slow response"
2026-02-18 10:17:12 INFO user=81 action=view_profile
2026-02-18 10:17:32 ERROR code=502 msg="Bad gateway"
2026-02-18 10:17:49 WARNING user=80 msg="Disk almost full"
2026-02-18 10:17:55 INFO user=197 action=upload_file
2026-02-18 10:17:57 WARNING user=95 msg="Too many requests"
2026-02-18 10:18:04 INFO user=154 action=update_settings
2026-02-18 10:18:08 INFO user=29 action=view_dashboard
2026-02-18 10:18:12 INFO user=56 action=logout
2026-02-18 10:18:32 INFO user=181 action=login
2026-02-18 10:18:42 INFO user=12 action=logout
2026-02-18 10:19:02 INFO user=173 action=view_profile
2026-02-18 10:19:17 INFO user=78 action=logout
2026-02-18 10:19:23 INFO user=196 action=update_settings
2026-02-18 10:19:26 INFO user=188 action=login
2026-02-18 10:19:38 INFO user=197 action=download_report
2026-02-18 10:19:56 INFO user=172 action=upload_file
2026-02-18 10:20:12 INFO user=72 action=logout
2026-02-18 10:20:21 WARNING user=131 msg="Too many requests"
2026-02-18 10:20:28 INFO user=160 action=logout
2026-02-18 10:20:47 WARNING user=195 msg="CPU usage high"
2026-02-18 10:20:50 INFO user=63 action=logout
2026-02-18 10:20:55 INFO user=96 action=view_dashboard
2026-02-18 10:21:10 WARNING user=1 msg="CPU usage high"
2026-02-18 10:21:17 ERROR code=403 msg="Forbidden"
2026-02-18 10:21:24 INFO user=22 action=update_settings
2026-02-18 10:21:44 INFO user=149 action=view_dashboard
2026-02-18 10:21:48 WARNING user=63 msg="High memory usage"
2026-02-18 10:21:53 ERROR code=500 msg="Internal server error"
2026-02-18 10:22:02 INFO user=2 action=change_password
2026-02-18 10:22:15 INFO user=129 action=login
2026-02-18 10:22:28 INFO user=76 action=update_settings
2026-02-18 10:22:43 INFO user=133 action=delete_file
2026-02-18 10:22:49 WARNING user=97 msg="Network latency detected"
2026-02-18 10:23:04 INFO user=51 action=delete_file
2026-02-18 10:23:09 ERROR code=403 msg="Forbidden"
2026-02-18 10:23:14 INFO user=1 action=download_report
2026-02-18 10:23:30 WARNING user=180 msg="Slow response"
2026-02-18 10:23:43 INFO user=195 action=update_settings
2026-02-18 10:23:55 INFO user=26 action=upload_file
2026-02-18 10:23:59 INFO user=157 action=login
2026-02-18 10:24:17 WARNING user=21 msg="Slow response"
2026-02-18 10:24:26 INFO user=148 action=download_report
2026-02-18 10:24:45 INFO user=108 action=download_report
2026-02-18 10:24:56 INFO user=25 action=logout
2026-02-18 10:25:14 INFO user=101 action=logout
2026-02-18 10:25:25 INFO user=193 action=upload_file
2026-02-18 10:25:38 INFO user=191 action=view_dashboard
2026-02-18 10:25:51 INFO user=2 action=logout
2026-02-18 10:26:11 INFO user=162 action=logout
2026-02-18 10:26:19 INFO user=131 action=view_dashboard
2026-02-18 10:26:24 INFO user=138 action=view_dashboard
2026-02-18 10:26:36 INFO user=58 action=delete_file
2026-02-18 10:26:47 INFO user=37 action=update_settings
2026-02-18 10:26:57 INFO user=119 action=logout
2026-02-18 10:27:00 INFO user=134 action=view_dashboard
2026-02-18 10:27:03 ERROR code=503 msg="Service unavailable"
2026-02-18 10:27:08 INFO user=4 action=download_report
2026-02-18 10:27:27 INFO user=35 action=view_dashboard
2026-02-18 10:27:36 WARNING user=162 msg="Too many requests"
2026-02-18 10:27:43 ERROR code=404 msg="Not Found"
2026-02-18 10:28:03 INFO user=89 action=change_password
2026-02-18 10:28:04 INFO user=191 action=upload_file
2026-02-18 10:28:07 INFO user=35 action=view_profile
2026-02-18 10:28:24 INFO user=148 action=logout
2026-02-18 10:28:26 INFO user=121 action=upload_file
2026-02-18 10:28:44 INFO user=160 action=update_settings
2026-02-18 10:28:58 WARNING user=87 msg="High memory usage"
2026-02-18 10:29:05 INFO user=104 action=update_settings
2026-02-18 10:29:06 INFO user=156 action=logout
2026-02-18 10:29:16 INFO user=46 action=download_report
2026-02-18 10:29:20 INFO user=178 action=download_report
2026-02-18 10:29:31 INFO user=124 action=delete_file
2026-02-18 10:29:47 WARNING user=133 msg="Network latency detected"
2026-02-18 10:29:58 INFO user=122 action=view_profile
2026-02-18 10:30:17 INFO user=104 action=update_settings
2026-02-18 10:30:20 INFO user=59 action=download_report
2026-02-18 10:30:25 INFO user=143 action=view_profile
2026-02-18 10:30:27 INFO user=106 action=delete_file
2026-02-18 10:30:41 WARNING user=29 msg="Too many requests"
2026-02-18 10:30:58 INFO user=52 action=update_settings
2026-02-18 10:31:01 INFO user=45 action=view_dashboard
2026-02-18 10:31:11 INFO user=53 action=download_report
2026-02-18 10:31:22 INFO user=126 action=logout
2026-02-18 10:31:42 INFO user=118 action=update_settings
2026-02-18 10:31:51 INFO user=121 action=view_profile
2026-02-18 10:32:11 WARNING user=90 msg="Disk almost full"
2026-02-18 10:32:25 INFO user=183 action=update_settings
2026-02-18 10:32:44 INFO user=8 action=view_profile
2026-02-18 10:32:51 INFO user=23 action=delete_file
2026-02-18 10:32:58 INFO user=173 action=delete_file
2026-02-18 10:33:04 WARNING user=41 msg="Network latency detected"
2026-02-18 10:33:20 INFO user=52 action=login
2026-02-18 10:33:31 WARNING user=174 msg="Too many requests"
2026-02-18 10:33:51 WARNING user=39 msg="Disk almost full"
2026-02-18 10:34:04 INFO user=116 action=download_report
2026-02-18 10:34:21 INFO user=95 action=logout
2026-02-18 10:34:23 INFO user=9 action=delete_file
2026-02-18 10:34:39 ERROR code=404 msg="Not Found"
2026-02-18 10:34:46 INFO user=137 action=delete_file
2026-02-18 10:34:54 INFO user=154 action=download_report
2026-02-18 10:35:11 INFO user=177 action=logout
2026-02-18 10:35:21 INFO user=129 action=change_password
2026-02-18 10:35:22 INFO user=23 action=logout
2026-02-18 10:35:28 WARNING user=178 msg="Too many requests"
2026-02-18 10:35:34 WARNING user=191 msg="CPU usage high"
2026-02-18 10:35:43 WARNING user=124 msg="High memory usage"
2026-02-18 10:35:48 WARNING user=52 msg="Too many requests"
2026-02-18 10:35:56 WARNING user=25 msg="Disk almost full"
2026-02-18 10:36:02 INFO user=190 action=view_dashboard
2026-02-18 10:36:12 WARNING user=65 msg="CPU usage high"
2026-02-18 10:36:14 INFO user=150 action=update_settings
2026-02-18 10:36:23 INFO user=188 action=change_password
2026-02-18 10:36:33 INFO user=18 action=login
2026-02-18 10:36:44 INFO user=30 action=download_report
2026-02-18 10:36:52 INFO user=76 action=download_report
2026-02-18 10:37:09 INFO user=134 action=delete_file
2026-02-18 10:37:22 WARNING user=6 msg="Too many requests"
2026-02-18 10:37:37 INFO user=127 action=update_settings
2026-02-18 10:37:44 INFO user=125 action=upload_file
2026-02-18 10:37:59 WARNING user=153 msg="Disk almost full"
2026-02-18 10:38:01 ERROR code=500 msg="Internal server error"
2026-02-18 10:38:15 INFO user=58 action=view_profile
2026-02-18 10:38:27 INFO user=135 action=login
2026-02-18 10:38:35 INFO user=55 action=login
2026-02-18 10:38:38 INFO user=146 action=logout
2026-02-18 10:38:48 INFO user=120 action=login
2026-02-18 10:39:04 WARNING user=35 msg="Disk almost full"
2026-02-18 10:39:24 INFO user=44 action=login
2026-02-18 10:39:38 WARNING user=175 msg="Too many requests"
2026-02-18 10:39:42 INFO user=133 action=change_password
2026-02-18 10:39:56 WARNING user=52 msg="CPU usage high"
2026-02-18 10:40:09 INFO user=13 action=change_password
2026-02-18 10:40:21 INFO user=56 action=logout
2026-02-18 10:40:35 INFO user=193 action=login
2026-02-18 10:40:51 INFO user=66 action=view_dashboard
2026-02-18 10:41:10 INFO user=153 action=change_password
2026-02-18 10:41:27 INFO user=116 action=update_settings
2026-02-18 10:41:42 INFO user=178 action=view_dashboard
2026-02-18 10:41:57 ERROR code=404 msg="Not Found"
2026-02-18 10:42:06 ERROR code=500 msg="Internal server error"
2026-02-18 10:42:26 WARNING user=83 msg="High memory usage"
2026-02-18 10:42:44 INFO user=27 action=change_password
2026-02-18 10:42:57 INFO user=79 action=logout
2026-02-18 10:43:12 WARNING user=165 msg="Too many requests"
2026-02-18 10:43:20 INFO user=185 action=download_report
2026-02-18 10:43:24 ERROR code=503 msg="Service unavailable"
2026-02-18 10:43:36 INFO user=58 action=view_dashboard
2026-02-18 10:43:43 WARNING user=114 msg="Slow response"
2026-02-18 10:44:00 ERROR code=401 msg="Unauthorized"
2026-02-18 10:44:16 INFO user=40 action=delete_file
2026-02-18 10:44:35 WARNING user=34 msg="Disk almost full"
2026-02-18 10:44:41 ERROR code=401 msg="Unauthorized"
2026-02-18 10:45:01 ERROR code=504 msg="Database timeout"
2026-02-18 10:45:20 INFO user=88 action=change_password
2026-02-18 10:45:27 INFO user=10 action=view_profile
2026-02-18 10:45:32 WARNING user=168 msg="Disk almost full"
2026-02-18 10:45:50 ERROR code=500 msg="Internal server error"
2026-02-18 10:46:03 INFO user=114 action=download_report
2026-02-18 10:46:15 INFO user=69 action=upload_file
2026-02-18 10:46:29 WARNING user=131 msg="Slow response"
2026-02-18 10:46:49 INFO user=160 action=update_settings
2026-02-18 10:47:04 INFO user=131 action=view_dashboard
2026-02-18 10:47:12 INFO user=3 action=upload_file
2026-02-18 10:47:20 INFO user=144 action=view_profile
2026-02-18 10:47:25 INFO user=29 action=view_dashboard
2026-02-18 10:47:40 INFO user=142 action=update_settings
2026-02-18 10:47:49 WARNING user=6 msg="Disk almost full"
2026-02-18 10:48:03 INFO user=129 action=upload_file
2026-02-18 10:48:10 INFO user=85 action=upload_file
2026-02-18 10:48:17 INFO user=186 action=upload_file
2026-02-18 10:48:24 INFO user=7 action=view_profile
2026-02-18 10:48:36 INFO user=6 action=login
2026-02-18 10:48:49 WARNING user=117 msg="Too many requests"
2026-02-18 10:49:04 INFO user=39 action=download_report
2026-02-18 10:49:18 INFO user=124 action=view_profile
2026-02-18 10:49:37 ERROR code=404 msg="Not Found"
2026-02-18 10:49:39 INFO user=18 action=update_settings
2026-02-18 10:49:56 INFO user=25 action=view_dashboard
2026-02-18 10:50:11 ERROR code=401 msg="Unauthorized"
2026-02-18 10:50:12 INFO user=170 action=update_settings
2026-02-18 10:50:27 ERROR code=500 msg="Internal server error"
2026-02-18 10:50:28 INFO user=52 action=logout
2026-02-18 10:50:44 WARNING user=172 msg="Too many requests"
2026-02-18 10:50:58 WARNING user=116 msg="Network latency detected"
2026-02-18 10:51:11 INFO user=175 action=logout
2026-02-18 10:51:25 INFO user=103 action=view_profile
2026-02-18 10:51:45 INFO user=24 action=view_profile
2026-02-18 10:51:53 INFO user=57 action=view_dashboard
2026-02-18 10:51:59 WARNING user=106 msg="Disk almost full"
2026-02-18 10:52:10 INFO user=158 action=view_profile
2026-02-18 10:52:14 WARNING user=30 msg="CPU usage high"
2026-02-18 10:52:16 INFO user=123 action=update_settings
2026-02-18 10:52:19 INFO user=142 action=change_password
2026-02-18 10:52:25 INFO user=79 action=login
2026-02-18 10:52:38 INFO user=33 action=upload_file
2026-02-18 10:52:45 INFO user=35 action=delete_file
2026-02-18 10:52:59 INFO user=30 action=change_password
2026-02-18 10:53:06 INFO user=8 action=view_dashboard
2026-02-18 10:53:09 WARNING user=32 msg="High memory usage"
2026-02-18 10:53:10 INFO user=79 action=view_profile
2026-02-18 10:53:23 WARNING user=66 msg="Network latency detected"
2026-02-18 10:53:41 INFO user=141 action=view_dashboard
2026-02-18 10:53:43 WARNING user=126 msg="High memory usage"
2026-02-18 10:53:53 INFO user=171 action=upload_file
2026-02-18 10:54:12 INFO user=77 action=update_settings
2026-02-18 10:54:30 INFO user=89 action=view_dashboard
2026-02-18 10:54:49 INFO user=143 action=view_profile
2026-02-18 10:54:50 ERROR code=502 msg="Bad gateway"
2026-02-18 10:55:10 INFO user=131 action=view_dashboard
2026-02-18 10:55:16 INFO user=166 action=view_dashboard
2026-02-18 10:55:32 ERROR code=401 msg="Unauthorized"
2026-02-18 10:55:36 INFO user=62 action=change_password
2026-02-18 10:55:46 INFO user=164 action=upload_file
2026-02-18 10:55:48 INFO user=135 action=download_report
2026-02-18 10:56:04 ERROR code=503 msg="Service unavailable"
2026-02-18 10:56:16 INFO user=19 action=logout
2026-02-18 10:56:35 WARNING user=15 msg="Disk almost full"
2026-02-18 10:56:36 INFO user=177 action=login
2026-02-18 10:56:40 INFO user=152 action=login
2026-02-18 10:56:46 INFO user=57 action=logout
2026-02-18 10:56:59 ERROR code=504 msg="Database timeout"
2026-02-18 10:57:12 INFO user=116 action=logout
2026-02-18 10:57:31 WARNING user=196 msg="Slow response"
2026-02-18 10:57:36 INFO user=34 action=upload_file
2026-02-18 10:57:52 INFO user=171 action=view_profile
2026-02-18 10:57:54 INFO user=21 action=download_report
2026-02-18 10:58:08 INFO user=161 action=upload_file
2026-02-18 10:58:28 WARNING user=20 msg="CPU usage high"
2026-02-18 10:58:31 INFO user=145 action=login
2026-02-18 10:58:41 INFO user=149 action=delete_file
2026-02-18 10:58:50 INFO user=99 action=change_password
2026-02-18 10:59:07 WARNING user=135 msg="CPU usage high"
2026-02-18 10:59:18 INFO user=7 action=upload_file
2026-02-18 10:59:25 WARNING user=95 msg="Slow response"
2026-02-18 10:59:43 INFO user=61 action=view_profile
2026-02-18 10:59:50 INFO user=71 action=upload_file
2026-02-18 10:59:55 ERROR code=503 msg="Service unavailable"
2026-02-18 11:00:12 INFO user=43 action=view_dashboard
2026-02-18 11:00:18 ERROR code=404 msg="Not Found"
2026-02-18 11:00:33 INFO user=187 action=login
2026-02-18 11:00:46 INFO user=145 action=download_report
2026-02-18 11:01:01 INFO user=15 action=delete_file
2026-02-18 11:01:10 ERROR code=504 msg="Database timeout"
2026-02-18 11:01:17 INFO user=155 action=upload_file
2026-02-18 11:01:33 INFO user=148 action=download_report
2026-02-18 11:01:45 INFO user=31 action=upload_file
2026-02-18 11:01:49 WARNING user=196 msg="Disk almost full"
2026-02-18 11:01:55 INFO user=81 action=upload_file
2026-02-18 11:02:10 INFO user=51 action=download_report
2026-02-18 11:02:11 INFO user=34 action=view_dashboard
2026-02-18 11:02:24 WARNING user=93 msg="Disk almost full"
2026-02-18 11:02:37 ERROR code=502 msg="Bad gateway"
2026-02-18 11:02:40 INFO user=163 action=logout
2026-02-18 11:02:59 WARNING user=167 msg="High memory usage"
2026-02-18 11:03:12 INFO user=22 action=view_profile
2026-02-18 11:03:17 INFO user=142 action=update_settings
2026-02-18 11:03:32 ERROR code=502 msg="Bad gateway"
2026-02-18 11:03:33 INFO user=58 action=view_dashboard
2026-02-18 11:03:48 INFO user=189 action=login
2026-02-18 11:03:51 INFO user=198 action=change_password
2026-02-18 11:03:58 INFO user=48 action=update_settings
2026-02-18 11:04:06 INFO user=152 action=update_settings
2026-02-18 11:04:15 INFO user=19 action=view_dashboard
2026-02-18 11:04:30 INFO user=89 action=delete_file
2026-02-18 11:04:50 INFO user=178 action=view_dashboard
2026-02-18 11:05:02 INFO user=144 action=change_password
2026-02-18 11:05:13 INFO user=102 action=download_report
2026-02-18 11:05:23 INFO user=45 action=login
2026-02-18 11:05:41 INFO user=151 action=update_settings
2026-02-18 11:05:46 WARNING user=70 msg="Network latency detected"
2026-02-18 11:06:01 INFO user=196 action=view_dashboard
2026-02-18 11:06:11 INFO user=28 action=logout
2026-02-18 11:06:31 INFO user=2 action=delete_file
2026-02-18 11:06:48 INFO user=98 action=upload_file
2026-02-18 11:07:04 INFO user=133 action=update_settings
2026-02-18 11:07:18 INFO user=197 action=logout
2026-02-18 11:07:28 WARNING user=87 msg="Network latency detected"
2026-02-18 11:07:34 WARNING user=16 msg="CPU usage high"
2026-02-18 11:07:53 WARNING user=59 msg="High memory usage"
2026-02-18 11:08:10 ERROR code=404 msg="Not Found"
2026-02-18 11:08:17 INFO user=184 action=login
2026-02-18 11:08:37 WARNING user=49 msg="CPU usage high"
2026-02-18 11:08:41 INFO user=60 action=view_dashboard
2026-02-18 11:08:49 INFO user=199 action=view_profile
2026-02-18 11:09:09 WARNING user=102 msg="Slow response"
2026-02-18 11:09:22 INFO user=192 action=view_profile
2026-02-18 11:09:31 INFO user=143 action=delete_file
2026-02-18 11:09:36 INFO user=179 action=update_settings
2026-02-18 11:09:48 INFO user=109 action=login
2026-02-18 11:09:50 WARNING user=74 msg="Network latency detected"
2026-02-18 11:10:07 INFO user=28 action=delete_file
2026-02-18 11:10:16 INFO user=74 action=download_report
2026-02-18 11:10:36 INFO user=6 action=logout
2026-02-18 11:10:56 INFO user=194 action=delete_file
2026-02-18 11:11:12 INFO user=186 action=upload_file
2026-02-18 11:11:29 INFO user=82 action=view_dashboard
2026-02-18 11:11:38 INFO user=129 action=change_password
2026-02-18 11:11:52 INFO user=100 action=view_dashboard
2026-02-18 11:12:09 INFO user=172 action=delete_file
2026-02-18 11:12:24 INFO user=127 action=logout
2026-02-18 11:12:27 INFO user=196 action=delete_file
2026-02-18 11:12:42 INFO user=134 action=view_profile
2026-02-18 11:12:48 INFO user=38 action=logout
2026-02-18 11:13:08 WARNING user=99 msg="Too many requests"
2026-02-18 11:13:12 WARNING user=163 msg="High memory usage"
2026-02-18 11:13:32 WARNING user=120 msg="Disk almost full"
2026-02-18 11:13:42 ERROR code=502 msg="Bad gateway"
2026-02-18 11:13:51 INFO user=165 action=delete_file
2026-02-18 11:14:06 INFO user=89 action=change_password
2026-02-18 11:14:13 INFO user=118 action=logout
2026-02-18 11:14:22 INFO user=108 action=change_password
2026-02-18 11:14:41 WARNING user=29 msg="Too many requests"
2026-02-18 11:14:52 INFO user=46 action=delete_file
2026-02-18 11:15:06 INFO user=125 action=view_profile
2026-02-18 11:15:12 INFO user=30 action=view_dashboard
2026-02-18 11:15:14 INFO user=73 action=login
2026-02-18 11:15:22 INFO user=163 action=logout
2026-02-18 11:15:27 INFO user=55 action=view_dashboard
2026-02-18 11:15:41 INFO user=174 action=change_password
2026-02-18 11:15:48 INFO user=97 action=download_report
2026-02-18 11:15:59 WARNING user=193 msg="Slow response"
2026-02-18 11:16:10 ERROR code=500 msg="Internal server error"
2026-02-18 11:16:26 WARNING user=163 msg="Slow response"
2026-02-18 11:16:27 INFO user=85 action=download_report
2026-02-18 11:16:45 INFO user=23 action=view_profile
2026-02-18 11:16:59 INFO user=162 action=view_profile
2026-02-18 11:17:15 INFO user=187 action=delete_file
2026-02-18 11:17:33 INFO user=189 action=logout
2026-02-18 11:17:44 ERROR code=503 msg="Service unavailable"
2026-02-18 11:17:47 ERROR code=500 msg="Internal server error"
2026-02-18 11:17:52 INFO user=167 action=upload_file
2026-02-18 11:18:05 INFO user=155 action=delete_file
2026-02-18 11:18:21 INFO user=73 action=delete_file
2026-02-18 11:18:28 INFO user=141 action=download_report
2026-02-18 11:18:33 INFO user=108 action=update_settings
2026-02-18 11:18:50 INFO user=31 action=update_settings
2026-02-18 11:18:59 INFO user=41 action=login
2026-02-18 11:19:01 INFO user=177 action=view_profile
2026-02-18 11:19:03 ERROR code=404 msg="Not Found"
2026-02-18 11:19:23 INFO user=191 action=download_report
2026-02-18 11:19:24 INFO user=113 action=download_report
2026-02-18 11:19:31 INFO user=69 action=download_report
2026-02-18 11:19:40 WARNING user=38 msg="Network latency detected"
2026-02-18 11:19:50 INFO user=21 action=update_settings
2026-02-18 11:20:06 INFO user=117 action=logout
2026-02-18 11:20:08 INFO user=173 action=update_settings
2026-02-18 11:20:18 WARNING user=45 msg="CPU usage high"
2026-02-18 11:20:26 ERROR code=502 msg="Bad gateway"
2026-02-18 11:20:33 INFO user=125 action=view_profile
2026-02-18 11:20:35 INFO user=77 action=view_dashboard
2026-02-18 11:20:42 INFO user=3 action=update_settings
2026-02-18 11:20:44 WARNING user=107 msg="Network latency detected"
2026-02-18 11:20:52 INFO user=174 action=view_dashboard
2026-02-18 11:20:58 WARNING user=72 msg="Too many requests"
2026-02-18 11:21:04 INFO user=112 action=logout
2026-02-18 11:21:12 INFO user=50 action=upload_file
2026-02-18 11:21:16 INFO user=28 action=view_profile
2026-02-18 11:21:33 INFO user=149 action=download_report
2026-02-18 11:21:45 INFO user=155 action=login
2026-02-18 11:21:48 WARNING user=105 msg="CPU usage high"
2026-02-18 11:22:05 INFO user=30 action=change_password
2026-02-18 11:22:15 INFO user=143 action=change_password
2026-02-18 11:22:34 INFO user=84 action=download_report
2026-02-18 11:22:39 INFO user=36 action=logout
2026-02-18 11:22:41 INFO user=60 action=download_report
2026-02-18 11:22:49 INFO user=127 action=view_profile
2026-02-18 11:23:04 WARNING user=76 msg="CPU usage high"
2026-02-18 11:23:14 INFO user=164 action=delete_file
2026-02-18 11:23:19 ERROR code=404 msg="Not Found"
2026-02-18 11:23:20 INFO user=50 action=delete_file
2026-02-18 11:23:32 INFO user=7 action=delete_file
2026-02-18 11:23:41 INFO user=53 action=view_dashboard
2026-02-18 11:23:48 WARNING user=91 msg="CPU usage high"
2026-02-18 11:24:01 INFO user=48 action=download_report
2026-02-18 11:24:18 INFO user=171 action=logout
2026-02-18 11:24:37 WARNING user=157 msg="High memory usage"
2026-02-18 11:24:49 ERROR code=504 msg="Database timeout"
2026-02-18 11:24:53 INFO user=169 action=view_dashboard
2026-02-18 11:25:03 INFO user=133 action=upload_file
2026-02-18 11:25:08 WARNING user=19 msg="Network latency detected"
2026-02-18 11:25:12 ERROR code=401 msg="Unauthorized"
2026-02-18 11:25:31 WARNING user=164 msg="High memory usage"
2026-02-18 11:25:51 INFO user=24 action=update_settings
2026-02-18 11:26:06 INFO user=190 action=view_profile
2026-02-18 11:26:10 INFO user=131 action=logout
2026-02-18 11:26:22 INFO user=181 action=upload_file
2026-02-18 11:26:32 WARNING user=71 msg="CPU usage high"
2026-02-18 11:26:48 INFO user=168 action=delete_file
2026-02-18 11:27:01 INFO user=106 action=delete_file
2026-02-18 11:27:09 INFO user=166 action=view_dashboard
2026-02-18 11:27:16 WARNING user=49 msg="Network latency detected"
2026-02-18 11:27:31 ERROR code=401 msg="Unauthorized"
2026-02-18 11:27:46 INFO user=181 action=login
2026-02-18 11:27:51 WARNING user=156 msg="Disk almost full"
2026-02-18 11:28:07 INFO user=199 action=view_profile
2026-02-18 11:28:15 INFO user=60 action=change_password
2026-02-18 11:28:31 INFO user=67 action=update_settings
2026-02-18 11:28:45 INFO user=78 action=logout
2026-02-18 11:28:51 INFO user=19 action=logout
2026-02-18 11:29:01 WARNING user=132 msg="Too many requests"
2026-02-18 11:29:08 WARNING user=127 msg="Network latency detected"
2026-02-18 11:29:13 WARNING user=187 msg="Disk almost full"
2026-02-18 11:29:33 WARNING user=26 msg="Network latency detected"
2026-02-18 11:29:43 INFO user=64 action=download_report
2026-02-18 11:29:52 INFO user=174 action=download_report
2026-02-18 11:30:09 INFO user=155 action=login
2026-02-18 11:30:20 INFO user=154 action=delete_file
2026-02-18 11:30:32 INFO user=104 action=update_settings
2026-02-18 11:30:41 WARNING user=153 msg="Network latency detected"
2026-02-18 11:30:46 INFO user=142 action=change_password
2026-02-18 11:30:55 INFO user=148 action=change_password
2026-02-18 11:31:06 WARNING user=80 msg="Network latency detected"
2026-02-18 11:31:11 WARNING user=176 msg="High memory usage"
2026-02-18 11:31:21 INFO user=53 action=change_password
2026-02-18 11:31:29 WARNING user=112 msg="High memory usage"
2026-02-18 11:31:41 INFO user=45 action=view_profile
2026-02-18 11:31:53 INFO user=83 action=view_dashboard
2026-02-18 11:32:01 INFO user=67 action=download_report
2026-02-18 11:32:19 INFO user=3 action=view_dashboard
2026-02-18 11:32:39 INFO user=67 action=change_password
2026-02-18 11:32:44 WARNING user=189 msg="Slow response"
2026-02-18 11:32:57 INFO user=22 action=upload_file
2026-02-18 11:33:04 INFO user=40 action=update_settings
2026-02-18 11:33:20 INFO user=164 action=update_settings
2026-02-18 11:33:23 INFO user=115 action=view_profile
2026-02-18 11:33:39 INFO user=131 action=view_profile
2026-02-18 11:33:56 INFO user=182 action=download_report
2026-02-18 11:33:57 INFO user=159 action=change_password
2026-02-18 11:34:01 INFO user=23 action=login
2026-02-18 11:34:15 INFO user=167 action=update_settings
2026-02-18 11:34:24 ERROR code=504 msg="Database timeout"
2026-02-18 11:34:33 INFO user=169 action=delete_file
2026-02-18 11:34:48 INFO user=29 action=download_report
2026-02-18 11:34:58 INFO user=78 action=logout
2026-02-18 11:34:59 INFO user=187 action=view_dashboard
2026-02-18 11:35:16 WARNING user=145 msg="CPU usage high"
2026-02-18 11:35:35 INFO user=98 action=view_dashboard
2026-02-18 11:35:52 INFO user=170 action=view_dashboard
2026-02-18 11:35:53 WARNING user=193 msg="Slow response"
2026-02-18 11:36:04 WARNING user=91 msg="Disk almost full"
2026-02-18 11:36:06 ERROR code=401 msg="Unauthorized"
2026-02-18 11:36:25 ERROR code=401 msg="Unauthorized"
2026-02-18 11:36:39 INFO user=178 action=download_report
2026-02-18 11:36:49 INFO user=155 action=download_report
2026-02-18 11:36:58 INFO user=55 action=download_report
2026-02-18 11:36:59 INFO user=192 action=login
2026-02-18 11:37:00 INFO user=134 action=change_password
2026-02-18 11:37:03 INFO user=8 action=view_dashboard
2026-02-18 11:37:23 WARNING user=199 msg="CPU usage high"
2026-02-18 11:37:39 INFO user=157 action=upload_file
2026-02-18 11:37:46 ERROR code=404 msg="Not Found"
2026-02-18 11:37:52 INFO user=92 action=view_profile
2026-02-18 11:38:09 INFO user=101 action=download_report
2026-02-18 11:38:19 WARNING user=186 msg="High memory usage"
2026-02-18 11:38:26 INFO user=132 action=delete_file
2026-02-18 11:38:37 INFO user=94 action=upload_file
2026-02-18 11:38:56 INFO user=1 action=view_profile
2026-02-18 11:39:12 WARNING user=5 msg="High memory usage"
2026-02-18 11:39:31 WARNING user=15 msg="Slow response"
2026-02-18 11:39:36 ERROR code=502 msg="Bad gateway"
2026-02-18 11:39:52 ERROR code=503 msg="Service unavailable"
2026-02-18 11:40:10 INFO user=2 action=download_report
2026-02-18 11:40:29 INFO user=173 action=delete_file
2026-02-18 11:40:30 INFO user=187 action=change_password
2026-02-18 11:40:34 ERROR code=403 msg="Forbidden"
2026-02-18 11:40:35 INFO user=10 action=update_settings
2026-02-18 11:40:53 WARNING user=48 msg="Slow response"
2026-02-18 11:40:55 INFO user=144 action=login
2026-02-18 11:41:10 INFO user=164 action=download_report
2026-02-18 11:41:20 INFO user=63 action=change_password
2026-02-18 11:41:38 INFO user=78 action=upload_file
2026-02-18 11:41:53 INFO user=13 action=view_dashboard
2026-02-18 11:41:58 INFO user=110 action=upload_file
2026-02-18 11:42:18 WARNING user=59 msg="High memory usage"
2026-02-18 11:42:19 INFO user=199 action=login
2026-02-18 11:42:23 INFO user=27 action=upload_file
2026-02-18 11:42:38 ERROR code=500 msg="Internal server error"
2026-02-18 11:42:49 INFO user=177 action=download_report
2026-02-18 11:42:53 INFO user=157 action=login
2026-02-18 11:43:13 INFO user=94 action=logout
2026-02-18 11:43:14 INFO user=75 action=delete_file
2026-02-18 11:43:32 WARNING user=51 msg="Network latency detected"
2026-02-18 11:43:41 INFO user=101 action=update_settings
2026-02-18 11:43:43 INFO user=176 action=login
2026-02-18 11:43:50 INFO user=46 action=view_dashboard
2026-02-18 11:44:05 INFO user=79 action=view_profile
2026-02-18 11:44:25 INFO user=10 action=login
2026-02-18 11:44:33 WARNING user=195 msg="High memory usage"
2026-02-18 11:44:47 INFO user=189 action=change_password
2026-02-18 11:44:57 INFO user=188 action=change_password
2026-02-18 11:45:07 INFO user=47 action=delete_file
2026-02-18 11:45:13 INFO user=90 action=view_dashboard
2026-02-18 11:45:19 INFO user=130 action=update_settings
2026-02-18 11:45:39 WARNING user=154 msg="High memory usage"
2026-02-18 11:45:47 INFO user=170 action=upload_file
2026-02-18 11:45:53 ERROR code=401 msg="Unauthorized"
2026-02-18 11:46:06 INFO user=33 action=update_settings
2026-02-18 11:46:19 INFO user=59 action=change_password
2026-02-18 11:46:37 INFO user=117 action=logout
2026-02-18 11:46:42 INFO user=26 action=delete_file
2026-02-18 11:46:59 INFO user=27 action=update_settings
2026-02-18 11:47:10 WARNING user=2 msg="High memory usage"
2026-02-18 11:47:24 INFO user=42 action=delete_file
2026-02-18 11:47:27 WARNING user=153 msg="Disk almost full"
2026-02-18 11:47:30 INFO user=66 action=update_settings
2026-02-18 11:47:49 WARNING user=64 msg="High memory usage"
2026-02-18 11:48:04 INFO user=157 action=view_profile
2026-02-18 11:48:24 INFO user=130 action=logout
2026-02-18 11:48:41 INFO user=190 action=delete_file
2026-02-18 11:48:45 ERROR code=502 msg="Bad gateway"
2026-02-18 11:48:58 WARNING user=148 msg="High memory usage"
2026-02-18 11:49:16 INFO user=68 action=delete_file
2026-02-18 11:49:21 ERROR code=504 msg="Database timeout"
2026-02-18 11:49:27 INFO user=69 action=upload_file
2026-02-18 11:49:28 INFO user=90 action=upload_file
2026-02-18 11:49:44 ERROR code=500 msg="Internal server error"
2026-02-18 11:49:52 INFO user=139 action=change_password
2026-02-18 11:50:02 INFO user=172 action=change_password
2026-02-18 11:50:13 INFO user=17 action=download_report
2026-02-18 11:50:27 INFO user=128 action=view_profile
2026-02-18 11:50:44 INFO user=73 action=upload_file
2026-02-18 11:50:53 INFO user=181 action=change_password
2026-02-18 11:50:57 INFO user=31 action=update_settings
2026-02-18 11:51:13 INFO user=11 action=update_settings
2026-02-18 11:51:16 WARNING user=75 msg="CPU usage high"
2026-02-18 11:51:36 INFO user=70 action=view_dashboard
2026-02-18 11:51:44 INFO user=158 action=change_password
2026-02-18 11:51:57 INFO user=19 action=update_settings
2026-02-18 11:52:17 ERROR code=503 msg="Service unavailable"
2026-02-18 11:52:35 INFO user=65 action=view_dashboard
2026-02-18 11:52:54 INFO user=195 action=change_password
2026-02-18 11:53:03 INFO user=148 action=logout
2026-02-18 11:53:17 WARNING user=66 msg="Disk almost full"
2026-02-18 11:53:26 INFO user=200 action=download_report
2026-02-18 11:53:46 INFO user=24 action=delete_file
2026-02-18 11:54:01 INFO user=6 action=upload_file
2026-02-18 11:54:09 INFO user=188 action=login
2026-02-18 11:54:24 INFO user=152 action=upload_file
2026-02-18 11:54:35 WARNING user=152 msg="Too many requests"
2026-02-18 11:54:47 WARNING user=183 msg="Slow response"
2026-02-18 11:55:06 INFO user=189 action=delete_file
2026-02-18 11:55:08 INFO user=147 action=download_report
2026-02-18 11:55:11 ERROR code=502 msg="Bad gateway"
2026-02-18 11:55:20 ERROR code=403 msg="Forbidden"
2026-02-18 11:55:31 WARNING user=62 msg="CPU usage high"
2026-02-18 11:55:37 INFO user=23 action=update_settings
2026-02-18 11:55:53 INFO user=16 action=login
2026-02-18 11:55:58 INFO user=7 action=change_password
2026-02-18 11:56:16 INFO user=154 action=view_dashboard
2026-02-18 11:56:26 INFO user=56 action=view_dashboard
2026-02-18 11:56:45 INFO user=65 action=view_profile
2026-02-18 11:57:00 INFO user=146 action=view_dashboard
2026-02-18 11:57:18 INFO user=133 action=update_settings
2026-02-18 11:57:34 INFO user=151 action=download_report
2026-02-18 11:57:46 INFO user=76 action=download_report
2026-02-18 11:57:53 INFO user=63 action=view_dashboard
2026-02-18 11:58:07 INFO user=89 action=download_report
2026-02-18 11:58:24 INFO user=111 action=change_password
2026-02-18 11:58:27 INFO user=97 action=view_dashboard
2026-02-18 11:58:33 INFO user=195 action=change_password
2026-02-18 11:58:37 INFO user=96 action=view_profile
2026-02-18 11:58:47 WARNING user=79 msg="High memory usage"
2026-02-18 11:59:02 INFO user=188 action=upload_file
2026-02-18 11:59:11 INFO user=130 action=logout
2026-02-18 11:59:22 INFO user=41 action=change_password
2026-02-18 11:59:32 INFO user=36 action=delete_file
2026-02-18 11:59:41 INFO user=104 action=upload_file
2026-02-18 11:59:56 INFO user=117 action=upload_file
2026-02-18 12:00:12 INFO user=54 action=delete_file
2026-02-18 12:00:25 INFO user=78 action=change_password
2026-02-18 12:00:32 INFO user=95 action=logout
2026-02-18 12:00:34 INFO user=54 action=delete_file
2026-02-18 12:00:35 INFO user=187 action=logout
2026-02-18 12:00:51 INFO user=79 action=delete_file
2026-02-18 12:00:55 INFO user=200 action=logout
2026-02-18 12:01:08 INFO user=144 action=view_profile
2026-02-18 12:01:16 WARNING user=173 msg="High memory usage"
2026-02-18 12:01:32 INFO user=62 action=delete_file
2026-02-18 12:01:33 INFO user=66 action=logout
2026-02-18 12:01:50 INFO user=68 action=download_report
2026-02-18 12:01:56 ERROR code=503 msg="Service unavailable"
2026-02-18 12:02:02 INFO user=108 action=view_dashboard
2026-02-18 12:02:17 INFO user=9 action=update_settings
2026-02-18 12:02:22 INFO user=181 action=upload_file
2026-02-18 12:02:24 WARNING user=99 msg="CPU usage high"
2026-02-18 12:02:36 INFO user=94 action=change_password
2026-02-18 12:02:55 INFO user=87 action=download_report
2026-02-18 12:03:13 INFO user=157 action=view_dashboard
2026-02-18 12:03:15 INFO user=65 action=upload_file
2026-02-18 12:03:22 INFO user=2 action=change_password
2026-02-18 12:03:25 WARNING user=43 msg="Disk almost full"
2026-02-18 12:03:31 INFO user=15 action=view_dashboard
2026-02-18 12:03:43 INFO user=180 action=download_report
2026-02-18 12:03:48 INFO user=132 action=download_report
2026-02-18 12:03:57 WARNING user=2 msg="High memory usage"
2026-02-18 12:03:58 INFO user=66 action=update_settings
2026-02-18 12:04:00 ERROR code=504 msg="Database timeout"
2026-02-18 12:04:08 INFO user=79 action=login
2026-02-18 12:04:17 WARNING user=77 msg="High memory usage"
2026-02-18 12:04:21 WARNING user=176 msg="CPU usage high"
2026-02-18 12:04:38 WARNING user=97 msg="Network latency detected"
2026-02-18 12:04:58 INFO user=200 action=change_password
2026-02-18 12:05:15 WARNING user=128 msg="CPU usage high"
2026-02-18 12:05:18 INFO user=98 action=change_password
2026-02-18 12:05:28 ERROR code=502 msg="Bad gateway"
2026-02-18 12:05:36 WARNING user=6 msg="CPU usage high"
2026-02-18 12:05:42 INFO user=39 action=update_settings
2026-02-18 12:05:50 INFO user=72 action=login
2026-02-18 12:06:07 INFO user=1 action=view_dashboard
2026-02-18 12:06:15 INFO user=125 action=upload_file
2026-02-18 12:06:24 INFO user=3 action=change_password
2026-02-18 12:06:35 INFO user=109 action=upload_file
2026-02-18 12:06:55 INFO user=14 action=download_report
2026-02-18 12:07:01 INFO user=119 action=login
2026-02-18 12:07:11 WARNING user=71 msg="CPU usage high"
2026-02-18 12:07:24 INFO user=53 action=view_dashboard
2026-02-18 12:07:34 ERROR code=500 msg="Internal server error"
2026-02-18 12:07:48 WARNING user=156 msg="CPU usage high"
2026-02-18 12:08:06 INFO user=86 action=login
2026-02-18 12:08:19 INFO user=131 action=delete_file
2026-02-18 12:08:36 INFO user=119 action=change_password
2026-02-18 12:08:52 INFO user=60 action=logout
2026-02-18 12:09:12 INFO user=77 action=update_settings
2026-02-18 12:09:20 INFO user=53 action=download_report
2026-02-18 12:09:31 INFO user=115 action=login
2026-02-18 12:09:48 INFO user=133 action=download_report
2026-02-18 12:09:52 INFO user=170 action=login
2026-02-18 12:10:10 ERROR code=403 msg="Forbidden"
2026-02-18 12:10:23 INFO user=106 action=upload_file
2026-02-18 12:10:41 INFO user=131 action=update_settings
2026-02-18 12:10:44 ERROR code=403 msg="Forbidden"
2026-02-18 12:11:02 INFO user=34 action=update_settings
2026-02-18 12:11:11 INFO user=160 action=logout
2026-02-18 12:11:30 INFO user=87 action=update_settings
2026-02-18 12:11:33 ERROR code=404 msg="Not Found"
2026-02-18 12:11:34 INFO user=147 action=upload_file
2026-02-18 12:11:45 WARNING user=140 msg="CPU usage high"
2026-02-18 12:11:49 INFO user=182 action=view_profile
2026-02-18 12:11:56 INFO user=47 action=delete_file
2026-02-18 12:11:58 INFO user=8 action=login
2026-02-18 12:12:00 ERROR code=403 msg="Forbidden"
2026-02-18 12:12:13 WARNING user=27 msg="High memory usage"
2026-02-18 12:12:22 INFO user=79 action=view_dashboard
2026-02-18 12:12:40 INFO user=58 action=delete_file
2026-02-18 12:12:58 INFO user=192 action=view_dashboard
2026-02-18 12:13:01 WARNING user=158 msg="High memory usage"
2026-02-18 12:13:17 INFO user=43 action=upload_file
2026-02-18 12:13:37 INFO user=21 action=logout
2026-02-18 12:13:43 INFO user=68 action=view_dashboard
2026-02-18 12:13:54 INFO user=64 action=view_dashboard
2026-02-18 12:14:01 INFO user=141 action=view_profile
2026-02-18 12:14:10 INFO user=73 action=delete_file
2026-02-18 12:14:24 INFO user=35 action=delete_file
2026-02-18 12:14:40 ERROR code=401 msg="Unauthorized"
2026-02-18 12:14:46 ERROR code=404 msg="Not Found"
2026-02-18 12:14:49 INFO user=142 action=view_profile
2026-02-18 12:14:58 INFO user=124 action=login
2026-02-18 12:15:00 INFO user=106 action=view_profile
2026-02-18 12:15:14 INFO user=43 action=delete_file
2026-02-18 12:15:30 INFO user=108 action=view_profile
2026-02-18 12:15:32 INFO user=138 action=download_report
2026-02-18 12:15:51 WARNING user=105 msg="Too many requests"
2026-02-18 12:16:03 INFO user=29 action=login
2026-02-18 12:16:08 INFO user=61 action=delete_file
2026-02-18 12:16:12 INFO user=142 action=view_profile
2026-02-18 12:16:14 INFO user=127 action=login
2026-02-18 12:16:17 INFO user=58 action=view_profile
2026-02-18 12:16:18 INFO user=153 action=logout
2026-02-18 12:16:37 INFO user=143 action=login
2026-02-18 12:16:45 WARNING user=81 msg="High memory usage"
2026-02-18 12:16:57 INFO user=98 action=logout
2026-02-18 12:17:14 INFO user=178 action=delete_file
2026-02-18 12:17:29 INFO user=40 action=logout
2026-02-18 12:17:44 INFO user=182 action=update_settings
2026-02-18 12:17:48 INFO user=45 action=logout
2026-02-18 12:18:01 INFO user=36 action=logout
2026-02-18 12:18:04 INFO user=25 action=update_settings
2026-02-18 12:18:10 INFO user=119 action=view_profile
2026-02-18 12:18:25 WARNING user=131 msg="Too many requests"
2026-02-18 12:18:43 INFO user=33 action=view_profile
2026-02-18 12:18:49 INFO user=20 action=login
2026-02-18 12:19:08 WARNING user=125 msg="Disk almost full"
2026-02-18 12:19:27 INFO user=54 action=delete_file
2026-02-18 12:19:39 INFO user=169 action=logout
2026-02-18 12:19:47 INFO user=10 action=delete_file
2026-02-18 12:19:53 WARNING user=84 msg="Network latency detected"
2026-02-18 12:20:10 WARNING user=185 msg="Network latency detected"
2026-02-18 12:20:11 INFO user=39 action=download_report
2026-02-18 12:20:27 INFO user=178 action=download_report
2026-02-18 12:20:40 INFO user=62 action=login
2026-02-18 12:20:53 INFO user=179 action=login
2026-02-18 12:21:06 INFO user=109 action=download_report
2026-02-18 12:21:07 INFO user=96 action=upload_file
2026-02-18 12:21:21 INFO user=72 action=change_password
2026-02-18 12:21:38 INFO user=55 action=update_settings
2026-02-18 12:21:52 INFO user=114 action=change_password
2026-02-18 12:22:02 ERROR code=403 msg="Forbidden"
2026-02-18 12:22:14 WARNING user=72 msg="Disk almost full"
2026-02-18 12:22:15 INFO user=138 action=change_password
2026-02-18 12:22:34 INFO user=47 action=upload_file
2026-02-18 12:22:36 WARNING user=129 msg="Too many requests"
2026-02-18 12:22:44 INFO user=183 action=update_settings
2026-02-18 12:22:57 INFO user=104 action=view_dashboard
2026-02-18 12:22:59 WARNING user=184 msg="CPU usage high"
2026-02-18 12:23:14 WARNING user=7 msg="CPU usage high"
2026-02-18 12:23:31 INFO user=22 action=change_password
2026-02-18 12:23:44 WARNING user=51 msg="CPU usage high"
2026-02-18 12:23:46 INFO user=101 action=upload_file
2026-02-18 12:23:57 WARNING user=23 msg="High memory usage"
2026-02-18 12:24:16 INFO user=27 action=download_report
2026-02-18 12:24:29 ERROR code=500 msg="Internal server error"
2026-02-18 12:24:39 INFO user=197 action=upload_file
2026-02-18 12:24:50 INFO user=33 action=delete_file
2026-02-18 12:25:10 INFO user=170 action=view_profile
2026-02-18 12:25:25 WARNING user=40 msg="Too many requests"
2026-02-18 12:25:42 INFO user=85 action=update_settings
2026-02-18 12:26:00 INFO user=52 action=delete_file
2026-02-18 12:26:18 INFO user=60 action=view_dashboard
2026-02-18 12:26:35 INFO user=176 action=delete_file
2026-02-18 12:26:46 ERROR code=401 msg="Unauthorized"
2026-02-18 12:26:51 INFO user=76 action=logout
2026-02-18 12:27:09 INFO user=79 action=delete_file
2026-02-18 12:27:27 INFO user=139 action=delete_file
2026-02-18 12:27:42 WARNING user=137 msg="Disk almost full"
2026-02-18 12:27:44 INFO user=36 action=download_report
2026-02-18 12:27:59 INFO user=86 action=view_profile
2026-02-18 12:28:06 WARNING user=101 msg="High memory usage"
2026-02-18 12:28:07 INFO user=65 action=view_dashboard
2026-02-18 12:28:08 INFO user=196 action=view_profile
2026-02-18 12:28:15 WARNING user=69 msg="Network latency detected"
2026-02-18 12:28:31 INFO user=35 action=download_report
2026-02-18 12:28:45 INFO user=81 action=upload_file
2026-02-18 12:28:51 INFO user=69 action=view_dashboard
2026-02-18 12:29:09 INFO user=109 action=download_report
2026-02-18 12:29:17 INFO user=23 action=view_profile
2026-02-18 12:29:33 INFO user=99 action=login
2026-02-18 12:29:47 INFO user=109 action=view_profile
2026-02-18 12:29:56 INFO user=49 action=download_report
2026-02-18 12:30:02 INFO user=117 action=view_dashboard
2026-02-18 12:30:16 INFO user=70 action=change_password
2026-02-18 12:30:22 WARNING user=78 msg="Disk almost full"
2026-02-18 12:30:29 INFO user=83 action=download_report
2026-02-18 12:30:39 INFO user=78 action=delete_file
2026-02-18 12:30:46 INFO user=142 action=change_password
2026-02-18 12:30:56 INFO user=159 action=logout
2026-02-18 12:31:06 INFO user=138 action=view_profile
2026-02-18 12:31:12 WARNING user=7 msg="Disk almost full"
2026-02-18 12:31:30 ERROR code=503 msg="Service unavailable"
2026-02-18 12:31:36 WARNING user=18 msg="CPU usage high"
2026-02-18 12:31:56 INFO user=131 action=upload_file
2026-02-18 12:32:00 INFO user=61 action=change_password
2026-02-18 12:32:03 INFO user=81 action=delete_file
2026-02-18 12:32:22 WARNING user=136 msg="CPU usage high"
2026-02-18 12:32:25 INFO user=29 action=download_report
2026-02-18 12:32:45 INFO user=134 action=upload_file
2026-02-18 12:32:58 INFO user=19 action=update_settings
2026-02-18 12:33:07 INFO user=123 action=download_report
2026-02-18 12:33:27 INFO user=169 action=upload_file
2026-02-18 12:33:47 WARNING user=142 msg="Slow response"
2026-02-18 12:34:05 INFO user=58 action=view_profile
2026-02-18 12:34:16 INFO user=165 action=download_report
2026-02-18 12:34:36 ERROR code=503 msg="Service unavailable"
2026-02-18 12:34:46 INFO user=30 action=delete_file
2026-02-18 12:34:58 INFO user=119 action=download_report
2026-02-18 12:35:04 INFO user=7 action=view_profile
2026-02-18 12:35:21 INFO user=140 action=download_report
2026-02-18 12:35:35 WARNING user=76 msg="Disk almost full"
2026-02-18 12:35:45 ERROR code=504 msg="Database timeout"
2026-02-18 12:35:54 INFO user=90 action=view_profile
2026-02-18 12:36:06 INFO user=79 action=update_settings
2026-02-18 12:36:16 INFO user=132 action=view_profile
2026-02-18 12:36:35 INFO user=143 action=change_password
2026-02-18 12:36:38 WARNING user=100 msg="Slow response"
2026-02-18 12:36:50 INFO user=104 action=upload_file
2026-02-18 12:36:58 INFO user=72 action=change_password
2026-02-18 12:37:12 ERROR code=404 msg="Not Found"
2026-02-18 12:37:18 WARNING user=181 msg="Network latency detected"
2026-02-18 12:37:35 INFO user=99 action=upload_file
2026-02-18 12:37:43 INFO user=23 action=download_report
2026-02-18 12:37:52 INFO user=80 action=upload_file
2026-02-18 12:38:01 INFO user=179 action=change_password
2026-02-18 12:38:20 INFO user=74 action=view_profile
2026-02-18 12:38:31 WARNING user=23 msg="Too many requests"
2026-02-18 12:38:35 INFO user=149 action=view_profile
2026-02-18 12:38:53 INFO user=131 action=update_settings
2026-02-18 12:39:09 WARNING user=3 msg="Disk almost full"
2026-02-18 12:39:21 WARNING user=130 msg="Slow response"
2026-02-18 12:39:39 WARNING user=12 msg="Disk almost full"
2026-02-18 12:39:47 WARNING user=174 msg="CPU usage high"
2026-02-18 12:39:49 INFO user=159 action=upload_file
2026-02-18 12:40:02 WARNING user=75 msg="Too many requests"
2026-02-18 12:40:20 INFO user=200 action=delete_file
2026-02-18 12:40:25 INFO user=42 action=change_password
2026-02-18 12:40:45 INFO user=114 action=change_password
2026-02-18 12:41:03 WARNING user=24 msg="High memory usage"
2026-02-18 12:41:22 INFO user=182 action=update_settings
2026-02-18 12:41:38 INFO user=31 action=update_settings
2026-02-18 12:41:41 INFO user=69 action=change_password
2026-02-18 12:42:01 WARNING user=64 msg="Slow response"
2026-02-18 12:42:19 WARNING user=192 msg="Too many requests"
2026-02-18 12:42:32 ERROR code=500 msg="Internal server error"
2026-02-18 12:42:42 INFO user=19 action=change_password
2026-02-18 12:42:44 INFO user=96 action=upload_file
2026-02-18 12:42:53 INFO user=120 action=change_password
2026-02-18 12:42:59 INFO user=147 action=upload_file
2026-02-18 12:43:04 INFO user=168 action=delete_file
2026-02-18 12:43:15 ERROR code=502 msg="Bad gateway"
2026-02-18 12:43:30 INFO user=93 action=view_profile
2026-02-18 12:43:41 INFO user=144 action=view_profile
2026-02-18 12:43:51 INFO user=197 action=delete_file
2026-02-18 12:44:04 ERROR code=500 msg="Internal server error"
2026-02-18 12:44:17 INFO user=89 action=upload_file
2026-02-18 12:44:28 INFO user=174 action=logout
2026-02-18 12:44:41 INFO user=28 action=view_profile
2026-02-18 12:44:58 INFO user=175 action=download_report
2026-02-18 12:45:16 INFO user=43 action=view_dashboard
2026-02-18 12:45:27 INFO user=144 action=download_report
2026-02-18 12:45:38 INFO user=125 action=update_settings
2026-02-18 12:45:52 INFO user=49 action=upload_file
2026-02-18 12:46:11 INFO user=63 action=upload_file
2026-02-18 12:46:26 WARNING user=97 msg="CPU usage high"
2026-02-18 12:46:44 WARNING user=29 msg="Too many requests"
2026-02-18 12:46:48 INFO user=198 action=update_settings
2026-02-18 12:47:04 WARNING user=185 msg="Too many requests"
2026-02-18 12:47:10 INFO user=133 action=upload_file
2026-02-18 12:47:26 ERROR code=403 msg="Forbidden"
2026-02-18 12:47:43 ERROR code=401 msg="Unauthorized"
2026-02-18 12:48:03 INFO user=166 action=delete_file
2026-02-18 12:48:04 INFO user=17 action=logout
2026-02-18 12:48:18 INFO user=142 action=upload_file
2026-02-18 12:48:25 WARNING user=41 msg="Slow response"

# Invalid lines below

2026-02-18 09:30:00 DEBUG user=12 action=login
2026-99-99 99:99:99 INFO user=x action=login
2026-02-18 INFO user=12 action=login
2026-02-18 INFO user=12 action=login
2026-02-18 09:30:00 DEBUG user=12 action=login
random text not matching format
ERROR only
random text not matching format
2026-02-18 09:30:00 DEBUG user=12 action=login
random text not matching format
2026-02-18 09:32:55 INFO action=login
2026-99-99 99:99:99 INFO user=x action=login
2026-02-18 09:32:55 INFO action=login
2026-02-18 09:32:55 INFO action=login
2026-02-18 INFO user=12 action=login
random text not matching format
2026-02-18 09:30:00 DEBUG user=12 action=login
2026-02-18 INFO user=12 action=login
2026-99-99 99:99:99 INFO user=x action=login
random text not matching format
2026-02-18 09:32:55 INFO action=login
2026-02-18 INFO user=12 action=login
